[
    "Connecting to database:  mongodb://localhost:27017/",
    "Failed to connect to the database.",
    "Collection example_collection does not exist in the database.",
    "Collection example_collection does not exist in the database."
][
    "Connecting to database:  mongodb://localhost:27017/",
    "Failed to connect to the database.",
    "Collection example_collection does not exist in the database.",
    "Collection example_collection does not exist in the database."
][
    "Connecting to database:  mongodb://localhost:27017/",
    "Failed to connect to the database.",
    "Collection example_collection does not exist in the database.",
    "Collection example_collection does not exist in the database."
][
    "Connecting to database:  mongodb://localhost:27017/",
    "Failed to connect to the database.",
    "Collection example_collection does not exist in the database.",
    "Collection example_collection does not exist in the database."
][
    "Connecting to database:  mongodb://localhost:27017/",
    "Failed to connect to the database.",
    "Collection example_collection does not exist in the database.",
    "Collection example_collection does not exist in the database."
][
    "Connecting to database:  mongodb://localhost:27017/",
    "Connected to database: local",
    "Collection startup_log is ready for use."
]